[0.006s] Invoking command in '/home/shark/arm_ws/build/robot_arm_config': AMENT_PREFIX_PATH=/home/shark/arm_ws/install/arm1:/home/shark/arm_ws/install/robot_arm_config:/home/shark/arm_ws/install/motion_api:/opt/ros/jazzy CMAKE_PREFIX_PATH=${CMAKE_PREFIX_PATH}:/home/shark/arm_ws/install/motion_api:/home/shark/arm_ws/install/arm1:/opt/ros/jazzy DEBUGINFOD_URLS=https://debuginfod.ubuntu.com PYTHONPATH=/home/shark/arm_ws/build/arm1:/home/shark/arm_ws/install/arm1/lib/python3.12/site-packages:/home/shark/arm_ws/build/motion_api:/home/shark/arm_ws/install/motion_api/lib/python3.12/site-packages:/opt/ros/jazzy/opt/gz_sim_vendor/lib/python:/opt/ros/jazzy/opt/sdformat_vendor/lib/python:/opt/ros/jazzy/opt/gz_transport_vendor/lib/python:/opt/ros/jazzy/opt/gz_msgs_vendor/lib/python:/opt/ros/jazzy/lib/python3.12/site-packages /usr/bin/cmake /home/shark/arm_ws/src/robot_arm_config -DAMENT_CMAKE_SYMLINK_INSTALL=1 -DCMAKE_INSTALL_PREFIX=/home/shark/arm_ws/install/robot_arm_config
[0.046s] -- The C compiler identification is GNU 13.3.0
[0.083s] -- The CXX compiler identification is GNU 13.3.0
[0.096s] -- Detecting C compiler ABI info
[0.161s] -- Detecting C compiler ABI info - done
[0.166s] -- Check for working C compiler: /usr/bin/cc - skipped
[0.166s] -- Detecting C compile features
[0.166s] -- Detecting C compile features - done
[0.173s] -- Detecting CXX compiler ABI info
[0.245s] -- Detecting CXX compiler ABI info - done
[0.250s] -- Check for working CXX compiler: /usr/bin/c++ - skipped
[0.250s] -- Detecting CXX compile features
[0.251s] -- Detecting CXX compile features - done
[0.254s] -- Found ament_cmake: 2.5.6 (/opt/ros/jazzy/share/ament_cmake/cmake)
[0.358s] -- Found Python3: /usr/bin/python3 (found version "3.12.3") found components: Interpreter 
[0.404s] -- Override CMake install command with custom implementation using symlinks instead of copying resources
[0.492s] -- Configuring done (0.5s)
[0.495s] -- Generating done (0.0s)
[0.496s] -- Build files have been written to: /home/shark/arm_ws/build/robot_arm_config
[0.500s] Invoked command in '/home/shark/arm_ws/build/robot_arm_config' returned '0': AMENT_PREFIX_PATH=/home/shark/arm_ws/install/arm1:/home/shark/arm_ws/install/robot_arm_config:/home/shark/arm_ws/install/motion_api:/opt/ros/jazzy CMAKE_PREFIX_PATH=${CMAKE_PREFIX_PATH}:/home/shark/arm_ws/install/motion_api:/home/shark/arm_ws/install/arm1:/opt/ros/jazzy DEBUGINFOD_URLS=https://debuginfod.ubuntu.com PYTHONPATH=/home/shark/arm_ws/build/arm1:/home/shark/arm_ws/install/arm1/lib/python3.12/site-packages:/home/shark/arm_ws/build/motion_api:/home/shark/arm_ws/install/motion_api/lib/python3.12/site-packages:/opt/ros/jazzy/opt/gz_sim_vendor/lib/python:/opt/ros/jazzy/opt/sdformat_vendor/lib/python:/opt/ros/jazzy/opt/gz_transport_vendor/lib/python:/opt/ros/jazzy/opt/gz_msgs_vendor/lib/python:/opt/ros/jazzy/lib/python3.12/site-packages /usr/bin/cmake /home/shark/arm_ws/src/robot_arm_config -DAMENT_CMAKE_SYMLINK_INSTALL=1 -DCMAKE_INSTALL_PREFIX=/home/shark/arm_ws/install/robot_arm_config
[0.501s] Invoking command in '/home/shark/arm_ws/build/robot_arm_config': AMENT_PREFIX_PATH=/home/shark/arm_ws/install/arm1:/home/shark/arm_ws/install/robot_arm_config:/home/shark/arm_ws/install/motion_api:/opt/ros/jazzy CMAKE_PREFIX_PATH=${CMAKE_PREFIX_PATH}:/home/shark/arm_ws/install/motion_api:/home/shark/arm_ws/install/arm1:/opt/ros/jazzy DEBUGINFOD_URLS=https://debuginfod.ubuntu.com PYTHONPATH=/home/shark/arm_ws/build/arm1:/home/shark/arm_ws/install/arm1/lib/python3.12/site-packages:/home/shark/arm_ws/build/motion_api:/home/shark/arm_ws/install/motion_api/lib/python3.12/site-packages:/opt/ros/jazzy/opt/gz_sim_vendor/lib/python:/opt/ros/jazzy/opt/sdformat_vendor/lib/python:/opt/ros/jazzy/opt/gz_transport_vendor/lib/python:/opt/ros/jazzy/opt/gz_msgs_vendor/lib/python:/opt/ros/jazzy/lib/python3.12/site-packages /usr/bin/cmake --build /home/shark/arm_ws/build/robot_arm_config -- -j4 -l4
[0.529s] Invoked command in '/home/shark/arm_ws/build/robot_arm_config' returned '0': AMENT_PREFIX_PATH=/home/shark/arm_ws/install/arm1:/home/shark/arm_ws/install/robot_arm_config:/home/shark/arm_ws/install/motion_api:/opt/ros/jazzy CMAKE_PREFIX_PATH=${CMAKE_PREFIX_PATH}:/home/shark/arm_ws/install/motion_api:/home/shark/arm_ws/install/arm1:/opt/ros/jazzy DEBUGINFOD_URLS=https://debuginfod.ubuntu.com PYTHONPATH=/home/shark/arm_ws/build/arm1:/home/shark/arm_ws/install/arm1/lib/python3.12/site-packages:/home/shark/arm_ws/build/motion_api:/home/shark/arm_ws/install/motion_api/lib/python3.12/site-packages:/opt/ros/jazzy/opt/gz_sim_vendor/lib/python:/opt/ros/jazzy/opt/sdformat_vendor/lib/python:/opt/ros/jazzy/opt/gz_transport_vendor/lib/python:/opt/ros/jazzy/opt/gz_msgs_vendor/lib/python:/opt/ros/jazzy/lib/python3.12/site-packages /usr/bin/cmake --build /home/shark/arm_ws/build/robot_arm_config -- -j4 -l4
[0.536s] Invoking command in '/home/shark/arm_ws/build/robot_arm_config': AMENT_PREFIX_PATH=/home/shark/arm_ws/install/arm1:/home/shark/arm_ws/install/robot_arm_config:/home/shark/arm_ws/install/motion_api:/opt/ros/jazzy CMAKE_PREFIX_PATH=${CMAKE_PREFIX_PATH}:/home/shark/arm_ws/install/motion_api:/home/shark/arm_ws/install/arm1:/opt/ros/jazzy DEBUGINFOD_URLS=https://debuginfod.ubuntu.com PYTHONPATH=/home/shark/arm_ws/build/arm1:/home/shark/arm_ws/install/arm1/lib/python3.12/site-packages:/home/shark/arm_ws/build/motion_api:/home/shark/arm_ws/install/motion_api/lib/python3.12/site-packages:/opt/ros/jazzy/opt/gz_sim_vendor/lib/python:/opt/ros/jazzy/opt/sdformat_vendor/lib/python:/opt/ros/jazzy/opt/gz_transport_vendor/lib/python:/opt/ros/jazzy/opt/gz_msgs_vendor/lib/python:/opt/ros/jazzy/lib/python3.12/site-packages /usr/bin/cmake --install /home/shark/arm_ws/build/robot_arm_config
[0.542s] -- Install configuration: ""
[0.542s] -- Execute custom install script
[0.542s] -- Symlinking: /home/shark/arm_ws/install/robot_arm_config/share/ament_index/resource_index/package_run_dependencies/robot_arm_config
[0.549s] -- Symlinking: /home/shark/arm_ws/install/robot_arm_config/share/ament_index/resource_index/parent_prefix_path/robot_arm_config
[0.556s] -- Symlinking: /home/shark/arm_ws/install/robot_arm_config/share/robot_arm_config/environment/ament_prefix_path.sh
[0.563s] -- Symlinking: /home/shark/arm_ws/install/robot_arm_config/share/robot_arm_config/environment/ament_prefix_path.dsv
[0.569s] -- Symlinking: /home/shark/arm_ws/install/robot_arm_config/share/robot_arm_config/environment/path.sh
[0.574s] -- Symlinking: /home/shark/arm_ws/install/robot_arm_config/share/robot_arm_config/environment/path.dsv
[0.580s] -- Symlinking: /home/shark/arm_ws/install/robot_arm_config/share/robot_arm_config/local_setup.bash
[0.586s] -- Symlinking: /home/shark/arm_ws/install/robot_arm_config/share/robot_arm_config/local_setup.sh
[0.592s] -- Symlinking: /home/shark/arm_ws/install/robot_arm_config/share/robot_arm_config/local_setup.zsh
[0.598s] -- Symlinking: /home/shark/arm_ws/install/robot_arm_config/share/robot_arm_config/local_setup.dsv
[0.605s] -- Symlinking: /home/shark/arm_ws/install/robot_arm_config/share/robot_arm_config/package.dsv
[0.611s] -- Symlinking: /home/shark/arm_ws/install/robot_arm_config/share/ament_index/resource_index/packages/robot_arm_config
[0.620s] -- Symlinking: /home/shark/arm_ws/install/robot_arm_config/share/robot_arm_config/cmake/robot_arm_configConfig.cmake
[0.626s] -- Symlinking: /home/shark/arm_ws/install/robot_arm_config/share/robot_arm_config/cmake/robot_arm_configConfig-version.cmake
[0.632s] -- Symlinking: /home/shark/arm_ws/install/robot_arm_config/share/robot_arm_config/package.xml
[0.639s] -- Symlinking: /home/shark/arm_ws/install/robot_arm_config/share/robot_arm_config/launch/demo.launch.py
[0.645s] -- Symlinking: /home/shark/arm_ws/install/robot_arm_config/share/robot_arm_config/launch/full_demo.launch.py
[0.651s] -- Symlinking: /home/shark/arm_ws/install/robot_arm_config/share/robot_arm_config/launch/gazebo.launch.py
[0.657s] -- Symlinking: /home/shark/arm_ws/install/robot_arm_config/share/robot_arm_config/launch/move_group.launch.py
[0.663s] -- Symlinking: /home/shark/arm_ws/install/robot_arm_config/share/robot_arm_config/launch/moveit_rviz.launch.py
[0.669s] -- Symlinking: /home/shark/arm_ws/install/robot_arm_config/share/robot_arm_config/launch/rsp.launch.py
[0.675s] -- Symlinking: /home/shark/arm_ws/install/robot_arm_config/share/robot_arm_config/launch/setup_assistant.launch.py
[0.681s] -- Symlinking: /home/shark/arm_ws/install/robot_arm_config/share/robot_arm_config/launch/spawn_controllers.launch.py
[0.687s] -- Symlinking: /home/shark/arm_ws/install/robot_arm_config/share/robot_arm_config/launch/static_virtual_joint_tfs.launch.py
[0.693s] -- Symlinking: /home/shark/arm_ws/install/robot_arm_config/share/robot_arm_config/launch/warehouse_db.launch.py
[0.700s] -- Symlinking: /home/shark/arm_ws/install/robot_arm_config/share/robot_arm_config/config/arm.gazebo.ros2_control.xacro
[0.708s] -- Symlinking: /home/shark/arm_ws/install/robot_arm_config/share/robot_arm_config/config/arm.gazebo.urdf.xacro
[0.714s] -- Symlinking: /home/shark/arm_ws/install/robot_arm_config/share/robot_arm_config/config/arm.ros2_control.xacro
[0.720s] -- Symlinking: /home/shark/arm_ws/install/robot_arm_config/share/robot_arm_config/config/arm.srdf
[0.726s] -- Symlinking: /home/shark/arm_ws/install/robot_arm_config/share/robot_arm_config/config/arm.urdf.xacro
[0.732s] -- Symlinking: /home/shark/arm_ws/install/robot_arm_config/share/robot_arm_config/config/initial_positions.yaml
[0.738s] -- Symlinking: /home/shark/arm_ws/install/robot_arm_config/share/robot_arm_config/config/joint_limits.yaml
[0.744s] -- Symlinking: /home/shark/arm_ws/install/robot_arm_config/share/robot_arm_config/config/kinematics.yaml
[0.751s] -- Symlinking: /home/shark/arm_ws/install/robot_arm_config/share/robot_arm_config/config/moveit.rviz
[0.757s] -- Symlinking: /home/shark/arm_ws/install/robot_arm_config/share/robot_arm_config/config/moveit_controllers.yaml
[0.764s] -- Symlinking: /home/shark/arm_ws/install/robot_arm_config/share/robot_arm_config/config/pilz_cartesian_limits.yaml
[0.770s] -- Symlinking: /home/shark/arm_ws/install/robot_arm_config/share/robot_arm_config/config/ros2_controllers.yaml
[0.776s] -- Symlinking: /home/shark/arm_ws/install/robot_arm_config/share/robot_arm_config/.setup_assistant
[0.783s] Invoked command in '/home/shark/arm_ws/build/robot_arm_config' returned '0': AMENT_PREFIX_PATH=/home/shark/arm_ws/install/arm1:/home/shark/arm_ws/install/robot_arm_config:/home/shark/arm_ws/install/motion_api:/opt/ros/jazzy CMAKE_PREFIX_PATH=${CMAKE_PREFIX_PATH}:/home/shark/arm_ws/install/motion_api:/home/shark/arm_ws/install/arm1:/opt/ros/jazzy DEBUGINFOD_URLS=https://debuginfod.ubuntu.com PYTHONPATH=/home/shark/arm_ws/build/arm1:/home/shark/arm_ws/install/arm1/lib/python3.12/site-packages:/home/shark/arm_ws/build/motion_api:/home/shark/arm_ws/install/motion_api/lib/python3.12/site-packages:/opt/ros/jazzy/opt/gz_sim_vendor/lib/python:/opt/ros/jazzy/opt/sdformat_vendor/lib/python:/opt/ros/jazzy/opt/gz_transport_vendor/lib/python:/opt/ros/jazzy/opt/gz_msgs_vendor/lib/python:/opt/ros/jazzy/lib/python3.12/site-packages /usr/bin/cmake --install /home/shark/arm_ws/build/robot_arm_config
